// Jest Snapshot v1, https://goo.gl/fbAQLP

exports[`libdefkit #execute returns proper dts bundle 1`] = `
Object {
  "cache": "<cwd>/node_modules/.cache/@qiwi/libdefkit",
  "cwd": "<cwd>",
  "dts": "// Generated by dts-bundle v0.7.4-beta.1
// Dependencies for this module:
//   ../../../../../../../child_process

declare module '@qiwi/libdefkit/target/es6' {
    /** */
    export * from '@qiwi/libdefkit/target/es6/libdefkit';
}

declare module '@qiwi/libdefkit/target/es6/libdefkit' {
    /** */
    import { ICliFlags, IContext, IExecPipe } from '@qiwi/libdefkit/target/es6/interface';
    export const normalize: IExecPipe;
    export const clear: IExecPipe;
    export const flowgen: IExecPipe;
    export const pipeline: IExecPipe[];
    export const execute: (flags: ICliFlags) => IContext;
}

declare module '@qiwi/libdefkit/target/es6/interface' {
    /** */
    import { StdioOptions } from 'child_process';
    export type ICmdInvokeOptions = {
        cmd: string;
        args?: string[] | Record<string, any>;
        cwd?: string;
        silent?: boolean;
        stdio?: StdioOptions;
        closest?: boolean;
    };
    export type ICliFlags = {
        cwd?: string;
        entry?: string;
        dtsOut?: string;
        flowOut?: string;
        tsconfig?: string[];
    };
    export type IContext = ICliFlags & {
        cache: string;
        cwd: string;
        name: string;
        [key: string]: any;
    };
    export type IExecPipe = (ctx: IContext) => IContext | void;
}

// Generated by dts-bundle v0.7.4-beta.1
// Dependencies for this module:
//   ../../../../../../../child_process

declare module '@qiwi/libdefkit/target/es5' {
    /** */
    export * from '@qiwi/libdefkit/target/es5/libdefkit';
}

declare module '@qiwi/libdefkit/target/es5/libdefkit' {
    /** */
    import { ICliFlags, IContext, IExecPipe } from '@qiwi/libdefkit/target/es5/interface';
    export const normalize: IExecPipe;
    export const clear: IExecPipe;
    export const flowgen: IExecPipe;
    export const pipeline: IExecPipe[];
    export const execute: (flags: ICliFlags) => IContext;
}

declare module '@qiwi/libdefkit/target/es5/interface' {
    /** */
    import { StdioOptions } from 'child_process';
    export type ICmdInvokeOptions = {
        cmd: string;
        args?: string[] | Record<string, any>;
        cwd?: string;
        silent?: boolean;
        stdio?: StdioOptions;
        closest?: boolean;
    };
    export type ICliFlags = {
        cwd?: string;
        entry?: string;
        dtsOut?: string;
        flowOut?: string;
        tsconfig?: string[];
    };
    export type IContext = ICliFlags & {
        cache: string;
        cwd: string;
        name: string;
        [key: string]: any;
    };
    export type IExecPipe = (ctx: IContext) => IContext | void;
}

declare module '@qiwi/libdefkit' {
  /** */
  export * from '@qiwi/libdefkit/target/es5';
}
",
  "dtsOut": "<cwd>/src/test/temp/index.d.ts",
  "entry": "@qiwi/libdefkit/target/es5",
  "flowOut": "<cwd>/src/test/temp/index.flow.js",
  "name": "@qiwi/libdefkit",
  "tsconfig": Array [
    "tsconfig.es5.json",
    "tsconfig.es6.json",
  ],
}
`;
